// Jest Snapshot v1, https://goo.gl/fbAQLP

exports[`Button Panel should render the Button panel component 1`] = `
<div>
  <div
    className="button-panel"
  >
    <div
      className="button-list"
    >
      <button
        className="normal-button"
        onClick={[Function]}
        type="button"
      >
        AC
      </button>
      <button
        className="normal-button"
        onClick={[Function]}
        type="button"
      >
        +/-
      </button>
      <button
        className="normal-button"
        onClick={[Function]}
        type="button"
      >
        %
      </button>
      <button
        className="normal-button operation-button"
        onClick={[Function]}
        type="button"
      >
        /
      </button>
    </div>
    <div
      className="button-list"
    >
      <button
        className="normal-button"
        onClick={[Function]}
        type="button"
      >
        7
      </button>
      <button
        className="normal-button"
        onClick={[Function]}
        type="button"
      >
        8
      </button>
      <button
        className="normal-button"
        onClick={[Function]}
        type="button"
      >
        9
      </button>
      <button
        className="normal-button operation-button"
        onClick={[Function]}
        type="button"
      >
        x
      </button>
    </div>
    <div
      className="button-list"
    >
      <button
        className="normal-button"
        onClick={[Function]}
        type="button"
      >
        4
      </button>
      <button
        className="normal-button"
        onClick={[Function]}
        type="button"
      >
        5
      </button>
      <button
        className="normal-button"
        onClick={[Function]}
        type="button"
      >
        6
      </button>
      <button
        className="normal-button operation-button"
        onClick={[Function]}
        type="button"
      >
        -
      </button>
    </div>
    <div
      className="button-list"
    >
      <button
        className="normal-button"
        onClick={[Function]}
        type="button"
      >
        1
      </button>
      <button
        className="normal-button"
        onClick={[Function]}
        type="button"
      >
        2
      </button>
      <button
        className="normal-button"
        onClick={[Function]}
        type="button"
      >
        3
      </button>
      <button
        className="normal-button operation-button"
        onClick={[Function]}
        type="button"
      >
        +
      </button>
    </div>
    <div
      className="button-list"
    >
      <button
        className="zero-style normal-button"
        onClick={[Function]}
        type="button"
      >
        0
      </button>
      <button
        className="normal-button"
        onClick={[Function]}
        type="button"
      >
        .
      </button>
      <button
        className="normal-button operation-button"
        onClick={[Function]}
        type="button"
      >
        =
      </button>
    </div>
  </div>
</div>
`;
